// Vitest Snapshot v1, https://vitest.dev/guide/snapshot.html

exports[`CertificationList Component > matches snapshot 1`] = `
<div>
  <div
    class="grid grid-cols-1 gap-4 sm:grid-cols-2"
  >
    <div
      class="group flex gap-4 rounded-xl border border-border bg-secondary-800/40 p-4 transition-all hover:-translate-y-0.5 hover:border-neon/40 hover:shadow-lg hover:shadow-neon/5"
      style="opacity: 0; transform: translateY(16px);"
    >
      <img
        alt=""
        class="size-14 shrink-0 rounded-xl ring-1 ring-border sm:size-16"
        src="sample_logo.png"
      />
      <div
        class="flex min-w-0 flex-1 flex-col"
      >
        <h3
          class="card-title"
        >
          Sample Certification
        </h3>
        <p
          class="card-subtitle"
        >
          Sample Issuer
        </p>
        <p
          class="card-meta font-mono"
        >
          <strong
            class="font-semibold text-content-accent"
          >
            ID:
          </strong>
           
          123456789
        </p>
        <p
          class="card-meta font-mono"
        >
          <strong
            class="font-semibold text-content-accent"
          >
            Issued:
          </strong>
           
          2024-05-24
        </p>
        <p
          class="card-meta font-mono"
        >
          <strong
            class="font-semibold text-content-accent"
          >
            Expiry:
          </strong>
           
          2027-05-24
        </p>
        <div
          class="mt-2 flex flex-wrap gap-2"
        >
          <a
            aria-label="Sample Certification – verification (opens in new tab)"
            class="social-link"
            href="https://samplewebsite.com"
            rel="noopener noreferrer"
            target="_blank"
          >
            <iconify-icon
              aria-hidden="true"
              height="1.25em"
              icon="sample-icon"
              width="1.25em"
            />
          </a>
          <a
            aria-label="Sample Certification – credential_info (opens in new tab)"
            class="social-link"
            href="https://samplewebsite.com"
            rel="noopener noreferrer"
            target="_blank"
          >
            <iconify-icon
              aria-hidden="true"
              height="1.25em"
              icon="sample-icon"
              width="1.25em"
            />
          </a>
        </div>
      </div>
    </div>
  </div>
</div>
`;
