// Vitest Snapshot v1, https://vitest.dev/guide/snapshot.html

exports[`CertificationList Component > matches snapshot 1`] = `
<div>
  <div>
    <div
      class="flex flex-col gap-3"
    >
      <div
        class="flex w-full justify-between gap-2"
      >
        <div
          class="flex gap-4"
        >
          <img
            alt=""
            class="size-12 rounded-xl sm:h-[5.7rem] sm:w-[5.7rem]"
            src="sample_logo.png"
          />
          <div
            class="flex flex-col"
          >
            <h3
              class="card-title"
            >
              Sample Certification
            </h3>
            <p
              class="card-subtitle"
            >
              Sample Issuer
            </p>
            <p
              class="card-meta"
            >
              <strong>
                Credential ID:
              </strong>
               
              123456789
            </p>
            <p
              class="card-meta"
            >
              <strong>
                Issued:
              </strong>
               
              2024-05-24
            </p>
            <p
              class="card-meta"
            >
              <strong>
                Expiry:
              </strong>
               
              2027-05-24
            </p>
          </div>
        </div>
        <div
          class="flex flex-wrap gap-3 max-sm:flex-col sm:flex-col"
        >
          <a
            aria-label="Sample Certification – verification (opens in new tab)"
            class="social-link"
            href="https://samplewebsite.com"
            rel="noopener noreferrer"
            target="_blank"
          >
            <iconify-icon
              aria-hidden="true"
              height="1.25em"
              icon="sample-icon"
              width="1.25em"
            />
          </a>
          <a
            aria-label="Sample Certification – credential_info (opens in new tab)"
            class="social-link"
            href="https://samplewebsite.com"
            rel="noopener noreferrer"
            target="_blank"
          >
            <iconify-icon
              aria-hidden="true"
              height="1.25em"
              icon="sample-icon"
              width="1.25em"
            />
          </a>
        </div>
      </div>
    </div>
  </div>
</div>
`;
