// Vitest Snapshot v1, https://vitest.dev/guide/snapshot.html

exports[`CertificationList Component > matches snapshot 1`] = `
<div>
  <div
    class="grid grid-cols-1 gap-4 sm:grid-cols-2"
  >
    <div
      class="group relative flex flex-col overflow-hidden rounded-lg border border-border bg-card transition-colors hover:border-neon/40"
      data-reveal=""
      style="opacity: 0; transform: translateY(14px);"
    >
      <div
        class="h-1 w-full"
        style="background: rgb(46, 224, 138);"
      />
      <div
        class="flex flex-1 flex-col gap-3 p-4"
      >
        <div
          class="flex items-start gap-3"
        >
          <img
            alt=""
            class="size-12 shrink-0 rounded ring-1 ring-border"
            src="sample_logo.png"
          />
          <div
            class="flex min-w-0 flex-col gap-0.5"
          >
            <h2
              class="card-title"
            >
              Sample Certification
            </h2>
            <p
              class="card-subtitle"
            >
              Sample Issuer
            </p>
            <span
              class="inline-flex items-center gap-1.5 font-mono text-[0.62rem] font-semibold tracking-[0.14em] uppercase text-neon"
            >
              <span
                class="h-1.5 w-1.5 animate-pulse rounded-full bg-neon"
              />
              Valid
            </span>
          </div>
          <span
            class="ml-auto"
          >
            <span
              aria-hidden="true"
              class="inline-grid shrink-0 place-items-center rounded-full font-heading font-extrabold"
              style="width: 1.4rem; height: 1.4rem; font-size: 0.68rem; color: rgb(7, 19, 25); background: rgb(46, 224, 138); box-shadow: 0 0 0 3px #2ee08a22;"
            >
              S
            </span>
          </span>
        </div>
        <dl
          class="mt-auto grid grid-cols-3 gap-2 rounded border border-dashed border-border bg-background/50 px-3 py-2 font-mono text-[0.62rem]"
        >
          <div
            class="flex flex-col"
          >
            <dt
              class="tracking-wider text-content-date uppercase"
            >
              ID:
            </dt>
            <dd
              class="tabular truncate text-content-subtitle"
            >
              123456789
            </dd>
          </div>
          <div
            class="flex flex-col"
          >
            <dt
              class="tracking-wider text-content-date uppercase"
            >
              Issued:
            </dt>
            <dd
              class="tabular text-neon"
            >
              2024-05-24
            </dd>
          </div>
          <div
            class="flex flex-col"
          >
            <dt
              class="tracking-wider text-content-date uppercase"
            >
              Expiry:
            </dt>
            <dd
              class="tabular text-content-subtitle"
            >
              2027-05-24
            </dd>
          </div>
        </dl>
        <div
          class="flex flex-wrap gap-2"
        >
          <a
            aria-label="Sample Certification – verification (opens in new tab)"
            class="social-link"
            href="https://samplewebsite.com"
            rel="noopener noreferrer"
            target="_blank"
          >
            <iconify-icon
              aria-hidden="true"
              height="1.1em"
              icon="sample-icon"
              width="1.1em"
            />
          </a>
          <a
            aria-label="Sample Certification – credential_info (opens in new tab)"
            class="social-link"
            href="https://samplewebsite.com"
            rel="noopener noreferrer"
            target="_blank"
          >
            <iconify-icon
              aria-hidden="true"
              height="1.1em"
              icon="sample-icon"
              width="1.1em"
            />
          </a>
        </div>
      </div>
    </div>
  </div>
</div>
`;
