// Vitest Snapshot v1, https://vitest.dev/guide/snapshot.html

exports[`ExperienceList Component > matches snapshot 1`] = `
<div>
  <div
    class="skill-list"
  >
    <div
      class="flex flex-col gap-3"
    >
      <div
        class="flex w-full justify-between gap-2"
      >
        <div
          class="flex gap-4"
        >
          <img
            alt=""
            class="size-10 rounded-xl sm:size-28"
            src="./images/placeholder.png"
          />
          <div
            class="flex flex-col"
          >
            <h3
              class="card-title"
            >
              Generic Job Title
            </h3>
            <p
              class="card-subtitle"
            >
              Generic Company
            </p>
            <p
              class="card-accent"
            >
              Generic Type
            </p>
            <p
              class="card-accent"
            >
              Generic Start
               - 
              Generic End
            </p>
            <p
              class="card-fine"
            >
              Generic Location
            </p>
          </div>
        </div>
        <div
          class="flex flex-wrap gap-3 max-sm:flex-col sm:flex-col"
        >
          <a
            aria-label="Generic Company website (opens in new tab)"
            class="social-link"
            href="https://genericwebsite.com"
            rel="noopener noreferrer"
            target="_blank"
          >
            <iconify-icon
              aria-hidden="true"
              height="1.25em"
              icon="fa6-solid:globe"
              width="1.25em"
            />
          </a>
        </div>
      </div>
      <div
        class="mb-3 font-normal leading-relaxed text-xs sm:leading-relaxed sm:text-xs md:text-sm"
      >
        <ul
          class="list-disc pl-10 pr-5"
        >
          <li>
            Generic detail 1
          </li>
          <li>
            Generic detail 2
          </li>
          <li>
            Generic detail 3
          </li>
          <li>
            Generic detail 4
          </li>
        </ul>
      </div>
      <div
        class="flex flex-col gap-1.5"
      >
        <div
          class="flex flex-wrap max-sm:gap-1 sm:gap-2 md:gap-3"
        >
          <a
            class="skill-block"
            href="https://genericskill1.com"
            rel="noopener noreferrer"
            target="_blank"
          >
            <iconify-icon
              class="icon-box"
              classname="icon-box"
              height="1.1em"
              icon="ph:placeholder-fill"
              width="1.1em"
            />
            Generic Skill 1
          </a>
          <a
            class="skill-block"
            href="https://genericskill2.com"
            rel="noopener noreferrer"
            target="_blank"
          >
            <iconify-icon
              class="icon-box"
              classname="icon-box"
              height="1.1em"
              icon="ph:placeholder-fill"
              width="1.1em"
            />
            Generic Skill 2
          </a>
          <a
            class="skill-block"
            href="https://genericskill3.com"
            rel="noopener noreferrer"
            target="_blank"
          >
            <iconify-icon
              class="icon-box"
              classname="icon-box"
              height="1.1em"
              icon="ph:placeholder-fill"
              width="1.1em"
            />
            Generic Skill 3
          </a>
          <a
            class="skill-block"
            href="https://genericskill4.com"
            rel="noopener noreferrer"
            target="_blank"
          >
            <iconify-icon
              class="icon-box"
              classname="icon-box"
              height="1.1em"
              icon="ph:placeholder-fill"
              width="1.1em"
            />
            Generic Skill 4
          </a>
        </div>
      </div>
    </div>
  </div>
</div>
`;
