// Vitest Snapshot v1, https://vitest.dev/guide/snapshot.html

exports[`Home component > renders properly with provided data 1`] = `
<DocumentFragment>
  <div
    class="content-block"
    id="profile"
  >
    <div
      class="flex flex-col items-start gap-6 max-sm:flex-row sm:flex-row"
    >
      <div
        class="flex flex-col items-center gap-4"
      >
        <img
          alt="Headshot"
          class="max-w-none rounded-lg max-sm:size-40 sm:size-40 md:size-56"
          src="/images/placeholder.png"
        />
        <div
          class="flex flex-col"
        />
      </div>
      <div
        class="flex w-full flex-col gap-5"
      >
        <div
          class="flex w-full flex-col justify-between gap-2 sm:flex-row"
        >
          <div
            class="w-full"
          >
            <h1
              class="h1 mb-0 font-extrabold text-content-header max-sm:text-sm sm:text-sm md:text-lg"
            >
              John Doe
            </h1>
            <h2
              class="mb-0 text-base font-medium text-content-header max-sm:text-sm sm:text-sm md:text-base"
            >
              Software Engineer
            </h2>
          </div>
        </div>
        <div
          class="flex flex-col gap-6"
        >
          <div
            class="inline-grid xl:grid-cols-[auto_auto]"
          >
            <div>
              <span
                class="font-medium text-content-subtitle max-sm:text-xs sm:text-sm md:text-base"
              >
                Location: 
              </span>
              <span
                class="text-content-accent max-sm:text-xs sm:text-sm md:text-base"
              >
                New York, NY
              </span>
            </div>
            <div>
              <span
                class="font-medium text-content-subtitle max-sm:text-xs sm:text-sm md:text-base"
              />
            </div>
            <div>
              <span
                class="font-medium text-content-subtitle max-sm:text-xs sm:text-sm md:text-base"
              >
                Salary: 
              </span>
              <span
                class="text-content-accent max-sm:text-xs sm:text-sm md:text-base"
              >
                <iconify-icon
                  classname="icon-box"
                  icon="fa6-solid:dollar-sign"
                  inline=""
                />
                125,000 USD
              </span>
            </div>
          </div>
          <a
            class="font-bold"
            href="https://example.com/resume.pdf"
          >
            <button
              class="inline-flex items-center rounded bg-primary-500 px-4 py-2 font-bold text-secondary-800 hover:bg-primary-400"
            >
              <div
                class="icon-box"
              >
                <i
                  class="mr-2 h-5 w-5 text-content-icons"
                >
                  <iconify-icon
                    classname="icon-box mb-1"
                    icon="fa6-solid:cloud-arrow-down"
                    inline=""
                  />
                </i>
              </div>
              <span
                class="text-sm text-content-header max-sm:text-xs max-sm:font-light"
              >
                Download CV
              </span>
            </button>
          </a>
        </div>
      </div>
    </div>
    <div
      class="flex flex-col gap-4"
    >
      <div
        class="flex flex-wrap gap-3"
      >
        <div
          class="open-for-block"
        >
          Available for consulting
        </div>
        <div
          class="open-for-block"
        >
          Working on side project
        </div>
      </div>
    </div>
  </div>
</DocumentFragment>
`;
