// Vitest Snapshot v1, https://vitest.dev/guide/snapshot.html

exports[`ProjectList Component > matches snapshot 1`] = `
<div>
  <div>
    <div
      class="flex flex-col gap-6"
    >
      <div
        class="flex flex-col gap-4"
      >
        <div
          class="flex w-full flex-col gap-4"
        >
          <div
            class="flex gap-4"
          >
            <img
              alt=""
              class="size-10 rounded-xl sm:size-28"
              src="./images/generic_logo.png"
            />
            <div
              class="flex w-full justify-between"
            >
              <div
                class="flex flex-col"
              >
                <h3
                  class="card-title"
                >
                  Generic Project
                </h3>
                <p
                  class="card-subtitle"
                >
                  Generic Company
                </p>
                <p
                  class="card-accent"
                >
                  Generic Role
                </p>
                <p
                  class="card-accent"
                >
                  2020
                   - 
                  2021
                </p>
                <p
                  class="card-fine"
                >
                  Generic Category
                </p>
              </div>
              <div
                class="flex flex-wrap gap-3 max-sm:flex-col sm:flex-col"
              >
                <a
                  aria-label="Generic Project demo (opens in new tab)"
                  class="social-link"
                  href="https://generic-demo.com"
                  rel="noopener noreferrer"
                  target="_blank"
                >
                  <iconify-icon
                    aria-hidden="true"
                    height="1.25em"
                    icon="fa-solid:external-link-alt"
                    width="1.25em"
                  />
                </a>
                <a
                  aria-label="Generic Project repo (opens in new tab)"
                  class="social-link"
                  href="https://generic-repo.com"
                  rel="noopener noreferrer"
                  target="_blank"
                >
                  <iconify-icon
                    aria-hidden="true"
                    height="1.25em"
                    icon="simple-icons:git"
                    width="1.25em"
                  />
                </a>
                <a
                  aria-label="Generic Project spec (opens in new tab)"
                  class="social-link"
                  href="https://generic-spec.com"
                  rel="noopener noreferrer"
                  target="_blank"
                >
                  <iconify-icon
                    aria-hidden="true"
                    height="1.25em"
                    icon="fa6-solid:info"
                    width="1.25em"
                  />
                </a>
              </div>
            </div>
          </div>
        </div>
        <div
          class="mb-3 font-normal leading-relaxed text-xs sm:leading-relaxed sm:text-xs md:text-sm"
        >
          <ul
            class="list-disc pl-10 pr-5"
          >
            <li>
              Lorem ipsum dolor sit amet, consectetur adipiscing elit.
            </li>
            <li>
              Sed do eiusmod tempor incididunt ut labore et dolore magna aliqua.
            </li>
            <li>
              Ut enim ad minim veniam, quis nostrud exercitation ullamco laboris.
            </li>
            <li>
              Nisi ut aliquip ex ea commodo consequat.
            </li>
          </ul>
        </div>
      </div>
      <div
        class="flex flex-col gap-1.5"
      >
        <div
          class="flex flex-wrap max-sm:gap-1 sm:gap-2 md:gap-3"
        >
          <a
            class="skill-block"
            href="https://generic-skill1.com"
            rel="noopener noreferrer"
            target="_blank"
          >
            <iconify-icon
              class="icon-box"
              classname="icon-box"
              height="1.1em"
              icon="ph:generic-icon-1"
              width="1.1em"
            />
            Generic Skill 1
          </a>
          <a
            class="skill-block"
            href="https://generic-skill2.com"
            rel="noopener noreferrer"
            target="_blank"
          >
            <iconify-icon
              class="icon-box"
              classname="icon-box"
              height="1.1em"
              icon="ph:generic-icon-2"
              width="1.1em"
            />
            Generic Skill 2
          </a>
          <a
            class="skill-block"
            href="https://generic-skill3.com"
            rel="noopener noreferrer"
            target="_blank"
          >
            <iconify-icon
              class="icon-box"
              classname="icon-box"
              height="1.1em"
              icon="ph:generic-icon-3"
              width="1.1em"
            />
            Generic Skill 3
          </a>
        </div>
      </div>
    </div>
  </div>
</div>
`;
