// Vitest Snapshot v1, https://vitest.dev/guide/snapshot.html

exports[`SkillButton > matches snapshot with skills prop 1`] = `
<DocumentFragment>
  <div
    class="flex flex-wrap max-sm:gap-1 sm:gap-2 md:gap-3"
  >
    <a
      class="skill-block"
      href="https://skill1.com"
      rel="noopener noreferrer"
      target="_blank"
    >
      <iconify-icon
        class="icon-box"
        classname="icon-box"
        height="1.1em"
        icon="skill1-icon"
        width="1.1em"
      />
      Skill 1
    </a>
    <a
      class="skill-block"
      href="https://skill2.com"
      rel="noopener noreferrer"
      target="_blank"
    >
      <iconify-icon
        class="icon-box"
        classname="icon-box"
        height="1.1em"
        icon="skill2-icon"
        width="1.1em"
      />
      Skill 2
    </a>
  </div>
</DocumentFragment>
`;
