// Jest Snapshot v1, https://goo.gl/fbAQLP

exports[`EducationList Component matches snapshot 1`] = `
<div>
  <div>
    <div
      class="flex flex-col gap-3"
    >
      <div
        class="flex w-full justify-between gap-2"
      >
        <div
          class="flex gap-4"
        >
          <img
            alt="Sample University Logo"
            class="hidden h-[7rem] w-[7rem] rounded-xl sm:block"
            src="./images/placeholder.png"
          />
          <div
            class="flex flex-col"
          >
            <h3
              class="h3 mb-0 font-extrabold text-content-title max-sm:text-sm sm:text-xs md:text-base"
            >
              Sample University
            </h3>
            <p
              class="mb-0.5 font-semibold leading-snug text-content-subtitle max-sm:text-sm sm:text-xs md:text-base"
            >
              BSc. Sample Degree
            </p>
            <p
              class="mb-0 font-medium leading-snug text-content-accent max-sm:text-xs sm:text-xs md:text-sm"
            >
              Sample Category
            </p>
            <p
              class="mb-0 font-medium leading-snug text-content-date max-sm:text-xs sm:text-xs md:text-sm"
            >
              2000
               - 
              2004
            </p>
            <p
              class="mb-0 font-light leading-snug text-content-accent max-sm:text-xs sm:text-xs md:text-xs"
            >
              Sample City, Country
            </p>
          </div>
        </div>
        <div
          class="flex flex-wrap gap-3 max-sm:flex-col sm:flex-col"
          id="Sample University Links"
        >
          <a
            aria-label="program"
            class="social-link"
            href="https://sampleprogram.com"
            rel="noopener noreferrer"
            target="_blank"
          >
            <iconify-icon
              height="1.25em"
              icon="fa6-solid:circle-info"
              width="1.25em"
            />
          </a>
          <a
            aria-label="school"
            class="social-link"
            href="https://sampleuniversity.com"
            rel="noopener noreferrer"
            target="_blank"
          >
            <iconify-icon
              height="1.25em"
              icon="fa6-solid:globe"
              width="1.25em"
            />
          </a>
        </div>
      </div>
      <div
        class="mb-3 font-normal leading-relaxed max-sm:text-xs sm:text-xs sm:leading-relaxed md:text-sm"
      >
        <ul
          class="list-disc pl-10 pr-5"
        >
          <li>
            Sample detail 1
          </li>
          <li>
            Sample detail 2
          </li>
          <li>
            Sample detail 3
          </li>
          <li>
            Sample detail 4
          </li>
        </ul>
      </div>
    </div>
  </div>
</div>
`;
