// Jest Snapshot v1, https://goo.gl/fbAQLP

exports[`SkillHighlight renders the skill data correctly and matches snapshot 1`] = `
<div>
  <div
    class="flex flex-wrap justify-evenly gap-x-8 gap-y-2"
  >
    <div
      class="flex flex-col gap-2"
    >
      <div
        class="flex items-center justify-between max-sm:size-12 max-sm:justify-center max-sm:rounded-full max-sm:bg-secondary-600 max-sm:align-middle max-sm:hover:bg-secondary-500"
        data-tooltip-content="Skill A"
        data-tooltip-id="skill-tooltip"
      >
        <a
          class="flex items-center gap-2.5 no-underline"
          href="https://example.com/skillA"
          rel="noopener noreferrer"
          target="_blank"
        >
          <iconify-icon
            height="1.6em"
            icon="logos:skillA"
            inline="true"
            width="1.6em"
          />
          <div
            class="flex flex-col max-sm:hidden"
          >
            <span
              class="text-content-subtitle hover:text-secondary-100 sm:text-xs sm:font-light md:text-xs md:font-semibold"
            >
              Skill A
            </span>
            <span
              class="font-light text-content-accent sm:text-xs md:text-xs"
            >
              Category A
            </span>
          </div>
        </a>
      </div>
      <div
        class="flex gap-1"
      >
        <div
          class="skill-progress-bar-outline"
        >
          <div
            class="skill-progress-bar"
            role="progressbar"
            style="width: 70%;"
          />
        </div>
      </div>
    </div>
    <div
      class="flex flex-col gap-2"
    >
      <div
        class="flex items-center justify-between max-sm:size-12 max-sm:justify-center max-sm:rounded-full max-sm:bg-secondary-600 max-sm:align-middle max-sm:hover:bg-secondary-500"
        data-tooltip-content="Skill B"
        data-tooltip-id="skill-tooltip"
      >
        <a
          class="flex items-center gap-2.5 no-underline"
          href="https://example.com/skillB"
          rel="noopener noreferrer"
          target="_blank"
        >
          <iconify-icon
            height="1.6em"
            icon="logos:skillB"
            inline="true"
            width="1.6em"
          />
          <div
            class="flex flex-col max-sm:hidden"
          >
            <span
              class="text-content-subtitle hover:text-secondary-100 sm:text-xs sm:font-light md:text-xs md:font-semibold"
            >
              Skill B
            </span>
            <span
              class="font-light text-content-accent sm:text-xs md:text-xs"
            >
              Category B
            </span>
          </div>
        </a>
      </div>
      <div
        class="flex gap-1"
      >
        <div
          class="skill-progress-bar-outline"
        >
          <div
            class="skill-progress-bar"
            role="progressbar"
            style="width: 85%;"
          />
        </div>
      </div>
    </div>
  </div>
</div>
`;
